12:45:30 **** Incremental Build of configuration Debug for project f411-led ****
make -j4 all 
arm-none-eabi-gcc "../Core/Src/freertos.c" -mcpu=cortex-m4 -std=gnu11 -g3 -DDEBUG -DUSE_HAL_DRIVER -DSTM32F411xE -c -I../Core/Inc -I../Drivers/STM32F4xx_HAL_Driver/Inc -I../Drivers/STM32F4xx_HAL_Driver/Inc/Legacy -I../Drivers/CMSIS/Device/ST/STM32F4xx/Include -I../Drivers/CMSIS/Include -I../Middlewares/Third_Party/FreeRTOS/Source/include -I../Middlewares/Third_Party/FreeRTOS/Source/CMSIS_RTOS -I../Middlewares/Third_Party/FreeRTOS/Source/portable/GCC/ARM_CM4F -O0 -ffunction-sections -fdata-sections -Wall -fstack-usage -fcyclomatic-complexity -MMD -MP -MF"Core/Src/freertos.d" -MT"Core/Src/freertos.o" --specs=nano.specs -mfpu=fpv4-sp-d16 -mfloat-abi=hard -mthumb -o "Core/Src/freertos.o"
arm-none-eabi-gcc -o "f411-led.elf" @"objects.list"   -mcpu=cortex-m4 -T"/home/andrew/STM32CubeIDE/F411RE/f411-led/STM32F411RETX_FLASH.ld" --specs=nosys.specs -Wl,-Map="f411-led.map" -Wl,--gc-sections -static --specs=nano.specs -mfpu=fpv4-sp-d16 -mfloat-abi=hard -mthumb -Wl,--start-group -lc -lm -Wl,--end-group
Finished building target: f411-led.elf
 
arm-none-eabi-size  f411-led.elf 
arm-none-eabi-objdump -h -S f411-led.elf  > "f411-led.list"
   text	   data	    bss	    dec	    hex	filename
  13712	     96	  18344	  32152	   7d98	f411-led.elf
Finished building: default.size.stdout
 
Finished building: f411-led.list
 

12:45:31 Build Finished. 0 errors, 0 warnings. (took 1s.204ms)

